// Jest Snapshot v1, https://goo.gl/fbAQLP

exports[`Renders Header Correctly 1`] = `
Object {
  "asFragment": [Function],
  "baseElement": <body>
    <div>
      <header
        class="headerWrapper"
      >
        <div
          class="color"
        >
          <div
            class="home"
          >
            <a
              aria-current="page"
              class="active"
              href="/"
            >
              <img
                alt="icon"
                class="icon"
                src="home.svg"
              />
            </a>
          </div>
          <div
            class="header"
          >
            <div
              class="logo"
            >
              <span>
                Art
              </span>
              <span>
                Institute
              </span>
              <span>
                Chicago
              </span>
            </div>
            <div
              class="title"
            >
              <h1
                class="titleText"
              >
                Exhibitions
              </h1>
              <p
                class="total"
              >
                Total:
                0
              </p>
            </div>
          </div>
        </div>
        <div
          class="nav"
        >
          <input
            alt="icon"
            src="arrowBack.svg"
            type="image"
          />
          <input
            alt="icon"
            src="arrow.svg"
            type="image"
          />
        </div>
      </header>
    </div>
  </body>,
  "container": <div>
    <header
      class="headerWrapper"
    >
      <div
        class="color"
      >
        <div
          class="home"
        >
          <a
            aria-current="page"
            class="active"
            href="/"
          >
            <img
              alt="icon"
              class="icon"
              src="home.svg"
            />
          </a>
        </div>
        <div
          class="header"
        >
          <div
            class="logo"
          >
            <span>
              Art
            </span>
            <span>
              Institute
            </span>
            <span>
              Chicago
            </span>
          </div>
          <div
            class="title"
          >
            <h1
              class="titleText"
            >
              Exhibitions
            </h1>
            <p
              class="total"
            >
              Total:
              0
            </p>
          </div>
        </div>
      </div>
      <div
        class="nav"
      >
        <input
          alt="icon"
          src="arrowBack.svg"
          type="image"
        />
        <input
          alt="icon"
          src="arrow.svg"
          type="image"
        />
      </div>
    </header>
  </div>,
  "debug": [Function],
  "findAllByAltText": [Function],
  "findAllByDisplayValue": [Function],
  "findAllByLabelText": [Function],
  "findAllByPlaceholderText": [Function],
  "findAllByRole": [Function],
  "findAllByTestId": [Function],
  "findAllByText": [Function],
  "findAllByTitle": [Function],
  "findByAltText": [Function],
  "findByDisplayValue": [Function],
  "findByLabelText": [Function],
  "findByPlaceholderText": [Function],
  "findByRole": [Function],
  "findByTestId": [Function],
  "findByText": [Function],
  "findByTitle": [Function],
  "getAllByAltText": [Function],
  "getAllByDisplayValue": [Function],
  "getAllByLabelText": [Function],
  "getAllByPlaceholderText": [Function],
  "getAllByRole": [Function],
  "getAllByTestId": [Function],
  "getAllByText": [Function],
  "getAllByTitle": [Function],
  "getByAltText": [Function],
  "getByDisplayValue": [Function],
  "getByLabelText": [Function],
  "getByPlaceholderText": [Function],
  "getByRole": [Function],
  "getByTestId": [Function],
  "getByText": [Function],
  "getByTitle": [Function],
  "queryAllByAltText": [Function],
  "queryAllByDisplayValue": [Function],
  "queryAllByLabelText": [Function],
  "queryAllByPlaceholderText": [Function],
  "queryAllByRole": [Function],
  "queryAllByTestId": [Function],
  "queryAllByText": [Function],
  "queryAllByTitle": [Function],
  "queryByAltText": [Function],
  "queryByDisplayValue": [Function],
  "queryByLabelText": [Function],
  "queryByPlaceholderText": [Function],
  "queryByRole": [Function],
  "queryByTestId": [Function],
  "queryByText": [Function],
  "queryByTitle": [Function],
  "rerender": [Function],
  "unmount": [Function],
}
`;
